catala: too many arguments, don't know what to do with `test_array/good/aggregation_2.catala'
Usage: catala [OPTION]... BACKEND FILE
Try `catala --help' for more information.
