[ERROR] An unlabeled exception refers to several definitions, including this one. Disambiguate by using labels.
[ERROR] 
[ERROR]   --> test_exception/ambiguous_unlabeled_exception.catala
[ERROR]    | 
[ERROR] 10 |   def x := 1
[ERROR]    |       ^
[ERROR]    + Test
