[ERROR] There is a conflict between multiple rules for assigning the same variable.
[ERROR] 
[ERROR] This value is available because the justification of its definition is true:
[ERROR]   --> test_func/func.catala
[ERROR]    | 
[ERROR] 14 |   def f of x [ (x >= x) ] := x + x
[ERROR]    |                 ^^^^^^
[ERROR] 
[ERROR] This value is available because the justification of its definition is true:
[ERROR]   --> test_func/func.catala
[ERROR]    | 
[ERROR] 15 |   def f of x [ not b ] := x * x
[ERROR]    |                ^^^^^
