catala: too many arguments, don't know what to do with `test_default/bad/empty_with_rules.catala'
Usage: catala [OPTION]... BACKEND FILE
Try `catala --help' for more information.
