[RESULT] Computation successful! Results:
[RESULT] y = $17.20
[RESULT] z = 1
