[RESULT] Computation successful! Results:
[RESULT] x =
[RESULT]   [("id": 0, "income": $0.00); ("id": 1, "income": $9.00);
[RESULT]     ("id": 2, "income": $5.20)]
