[RESULT] Computation successful! Results:
[RESULT] y = true
[RESULT] z = false
