[RESULT] x -> $123.54
[RESULT] y -> $8548650.96
[RESULT] z -> $7.23
