catala: too many arguments, don't know what to do with `test_struct/bad/nested2.catala', `test_struct/bad/nested.catala'
Usage: catala [OPTION]... BACKEND FILE
Try `catala --help' for more information.
