[RESULT] x -> 84.648665
[RESULT] y -> 4.368297
[RESULT] z -> 19.377956
