[ERROR] Error during typechecking, incompatible types:
[ERROR] --> F [Case3: any[49]]
[ERROR] --> E [Case1: integer | Case2: unit]
[ERROR] 
[ERROR] Error coming from typechecking the following expression:
[ERROR]   --> test_enum/quick_pattern_2.catala
[ERROR]    | 
[ERROR] 28 |   def y := x with Case3
[ERROR]    |            ^
[ERROR] 
[ERROR] Type F [Case3: any[49]] coming from expression:
[ERROR]   --> test_enum/quick_pattern_2.catala
[ERROR]    | 
[ERROR] 28 |   def y := x with Case3
[ERROR]    |            ^
[ERROR] 
[ERROR] Type E [Case1: integer | Case2: unit] coming from expression:
[ERROR]   --> test_enum/quick_pattern_2.catala
[ERROR]    | 
[ERROR] 17 |   param x content E
[ERROR]    |                   ^
