[RESULT] Computation successful! Results:
[RESULT] t = false
[RESULT] x = Case1 2
[RESULT] y = true
[RESULT] z = false
