[RESULT] a -> 42     
[RESULT] b -> true
[RESULT] scopeA.a -> 1
[RESULT] scopeA.b -> true
[RESULT] scopeA.a_base -> 1
[RESULT] scopeAbis.a -> -1
[RESULT] scopeAbis.b -> false
[RESULT] scopeAbis.a_base -> 1