[RESULT] a -> -1
[RESULT] b -> false
[RESULT] a_base -> 1
