[RESULT] x -> 2019-01-01
[RESULT] y -> 2002-09-30
[RESULT] z -> 16 years or 195 months of 5937 days
